../fw/motors/motor_control/motor_backend_sim.c:105:6:MotorBackend_Init	64	static
../fw/motors/motor_control/motor_backend_sim.c:138:6:MotorBackend_SetTarget	16	static
../fw/motors/motor_control/motor_backend_sim.c:143:6:MotorBackend_SendPreview	16	static
../fw/motors/motor_control/motor_backend_sim.c:155:6:MotorBackend_Flush	16	static
../fw/motors/motor_control/motor_backend_sim.c:163:6:MotorBackend_StopAll	8	static
../fw/motors/motor_control/motor_backend_sim.c:173:6:MotorBackend_OnFeedback	16	static
../fw/motors/motor_control/motor_backend_sim.c:178:13:enqueue_cmd	24	static
../fw/motors/motor_control/motor_backend_sim.c:207:13:ensure_uart_ready	8	static
../fw/motors/motor_control/motor_backend_sim.c:222:13:start_rx_interrupt	8	static
../fw/motors/motor_control/motor_backend_sim.c:238:6:handle_rx_byte_external	16	static
../fw/motors/motor_control/motor_backend_sim.c:240:13:handle_rx_byte	24	static
../fw/motors/motor_control/motor_backend_sim.c:306:13:reset_rx_parser	4	static
../fw/motors/motor_control/motor_backend_sim.c:315:13:isr_send_intent_ack	32	static
../fw/motors/motor_control/motor_backend_sim.c:327:13:process_select_mode	24	static
../fw/motors/motor_control/motor_backend_sim.c:343:13:process_frame	16	static
../fw/motors/motor_control/motor_backend_sim.c:364:13:process_joint_feedback	40	static
../fw/motors/motor_control/motor_backend_sim.c:394:13:process_fsr_feedback	40	static
../fw/motors/motor_control/motor_backend_sim.c:421:13:process_heartbeat_ack	16	static
../fw/motors/motor_control/motor_backend_sim.c:431:13:send_pending_commands	112	static
../fw/motors/motor_control/motor_backend_sim.c:462:13:send_all_stop	8	static
../fw/motors/motor_control/motor_backend_sim.c:473:13:build_set_targets_payload	24	static
../fw/motors/motor_control/motor_backend_sim.c:502:16:float_to_q15	24	static
../fw/motors/motor_control/motor_backend_sim.c:516:14:q15_to_float	16	static
../fw/motors/motor_control/motor_backend_sim.c:521:16:crc8_update	24	static
../fw/motors/motor_control/motor_backend_sim.c:538:16:compute_crc	24	static
../fw/motors/motor_control/motor_backend_sim.c:551:13:transmit_frame	120	static
../fw/motors/motor_control/motor_backend_sim.c:575:13:SimTxTask	136	static
../fw/motors/motor_control/motor_backend_sim.c:631:13:RosWatchdogTimeout	16	static
../fw/motors/motor_control/motor_backend_sim.c:638:6:HAL_UART_RxCpltCallback	16	static
../fw/motors/motor_control/motor_backend_sim.c:648:6:HAL_UART_ErrorCallback	16	static
