../Core/Src/main.c:85:5:main	24	static
../Core/Src/main.c:161:6:SystemClock_Config	88	static
../Core/Src/main.c:208:13:MX_GPIO_Init	24	static
../Core/Src/main.c:226:13:CreateTasks	48	static
../Core/Src/main.c:250:13:StartScheduler	8	static
../Core/Src/main.c:255:13:ControlTask	24	static
../Core/Src/main.c:269:13:SafetyTask	24	static
../Core/Src/main.c:285:13:TelemetryTask	24	static
../Core/Src/main.c:296:13:LedTimerCallback	16	static
../Core/Src/main.c:302:6:vApplicationMallocFailedHook	16	static
../Core/Src/main.c:308:6:vApplicationStackOverflowHook	24	static
../Core/Src/main.c:319:6:vApplicationGetIdleTaskMemory	24	static
../Core/Src/main.c:330:6:vApplicationGetTimerTaskMemory	24	static
../Core/Src/main.c:348:6:StartDefaultTask	24	static
../Core/Src/main.c:395:6:HAL_TIM_PeriodElapsedCallback	16	static
../Core/Src/main.c:413:6:Error_Handler	4	static
