../Core/Src/stm32g4xx_it.c:73:6:NMI_Handler	4	static
../Core/Src/stm32g4xx_it.c:88:6:HardFault_Handler	4	static
../Core/Src/stm32g4xx_it.c:103:6:MemManage_Handler	4	static
../Core/Src/stm32g4xx_it.c:118:6:BusFault_Handler	4	static
../Core/Src/stm32g4xx_it.c:133:6:UsageFault_Handler	4	static
../Core/Src/stm32g4xx_it.c:148:6:SVC_Handler	8	static
../Core/Src/stm32g4xx_it.c:156:6:DebugMon_Handler	4	static
../Core/Src/stm32g4xx_it.c:169:6:PendSV_Handler	8	static
../Core/Src/stm32g4xx_it.c:177:6:SysTick_Handler	8	static
../Core/Src/stm32g4xx_it.c:193:6:EXTI15_10_IRQHandler	8	static
