C:/Program Files (x86)/Arm GNU Toolchain arm-none-eabi/14.3 rel1/arm-none-eabi/include/c++/14.3.1/limits:1274:7:static constexpr long unsigned int std::numeric_limits<long unsigned int>::max()	4	static
../Middlewares/Third_Party/EmbeddedProto/src/WireFormatter.h:130:33:static constexpr uint32_t EmbeddedProto::WireFormatter::MakeTag(uint32_t, WireType)	16	static
../Middlewares/Third_Party/EmbeddedProto/src/WireFormatter.h:173:20:static EmbeddedProto::Error EmbeddedProto::WireFormatter::SerialzieFloatNoTag(float, EmbeddedProto::WriteBufferInterface&)	24	static
../Middlewares/Third_Party/EmbeddedProto/src/WireFormatter.h:336:20:static EmbeddedProto::Error EmbeddedProto::WireFormatter::DeserializeTag(EmbeddedProto::ReadBufferInterface&, WireType&, uint32_t&)	32	static
../Middlewares/Third_Party/EmbeddedProto/src/WireFormatter.h:456:20:static EmbeddedProto::Error EmbeddedProto::WireFormatter::DeserializeFloat(EmbeddedProto::ReadBufferInterface&, float&)	32	static
../Middlewares/Third_Party/EmbeddedProto/src/MessageSizeCalculator.h:57:12:virtual void EmbeddedProto::MessageSizeCalculator::clear()	16	static
../Middlewares/Third_Party/EmbeddedProto/src/MessageSizeCalculator.h:63:16:virtual uint32_t EmbeddedProto::MessageSizeCalculator::get_size() const	16	static
../Middlewares/Third_Party/EmbeddedProto/src/MessageSizeCalculator.h:69:16:virtual uint32_t EmbeddedProto::MessageSizeCalculator::get_max_size() const	16	static
../Middlewares/Third_Party/EmbeddedProto/src/MessageSizeCalculator.h:75:16:virtual uint32_t EmbeddedProto::MessageSizeCalculator::get_available_size() const	16	static
../Middlewares/Third_Party/EmbeddedProto/src/MessageSizeCalculator.h:81:12:virtual bool EmbeddedProto::MessageSizeCalculator::push(uint8_t)	16	static
../Middlewares/Third_Party/EmbeddedProto/src/MessageSizeCalculator.h:90:12:virtual bool EmbeddedProto::MessageSizeCalculator::push(const uint8_t*, uint32_t)	24	static
C:/Program Files (x86)/Arm GNU Toolchain arm-none-eabi/14.3 rel1/arm-none-eabi/include/c++/14.3.1/new:179:33:void* operator new(std::size_t, void*)	16	static
../Middlewares/Third_Party/EmbeddedProto/src/Fields.h:76:7:constexpr EmbeddedProto::Field::Field()	16	static
../Middlewares/Third_Party/EmbeddedProto/src/Fields.h:77:15:EmbeddedProto::Field::~Field()	16	static
../Middlewares/Third_Party/EmbeddedProto/src/Fields.h:77:15:virtual EmbeddedProto::Field::~Field()	16	static
../Middlewares/Third_Party/EmbeddedProto/src/MessageInterface.h:48:5:constexpr EmbeddedProto::MessageInterface::MessageInterface()	16	static
../Middlewares/Third_Party/EmbeddedProto/src/MessageInterface.h:50:5:EmbeddedProto::MessageInterface::~MessageInterface()	16	static
../Middlewares/Third_Party/EmbeddedProto/src/MessageInterface.h:50:5:virtual EmbeddedProto::MessageInterface::~MessageInterface()	16	static
../fw/comm-stack/protocol_messages.h:69:17:void ClassificationData::clear_action()	16	static
../fw/comm-stack/protocol_messages.h:72:26:const ClassificationData::Action& ClassificationData::get_action() const	16	static
../fw/comm-stack/protocol_messages.h:76:28:virtual EmbeddedProto::Error ClassificationData::serialize(EmbeddedProto::WriteBufferInterface&) const	24	static
../fw/comm-stack/protocol_messages.h:88:28:virtual EmbeddedProto::Error ClassificationData::deserialize(EmbeddedProto::ReadBufferInterface&)	40	static
../fw/comm-stack/protocol_messages.h:132:10:virtual void ClassificationData::clear()	16	static
../fw/comm-stack/protocol_messages.h:630:17:void Error::clear_reason()	16	static
../fw/comm-stack/protocol_messages.h:634:28:const uint32_t& Error::get_reason() const	16	static
../fw/comm-stack/protocol_messages.h:638:28:virtual EmbeddedProto::Error Error::serialize(EmbeddedProto::WriteBufferInterface&) const	24	static
../fw/comm-stack/protocol_messages.h:650:28:virtual EmbeddedProto::Error Error::deserialize(EmbeddedProto::ReadBufferInterface&)	40	static
../fw/comm-stack/protocol_messages.h:694:10:virtual void Error::clear()	16	static
../fw/comm-stack/protocol_messages.h:846:17:void Hello::clear_device_id()	16	static
../fw/comm-stack/protocol_messages.h:850:28:const uint32_t& Hello::get_device_id() const	16	static
../fw/comm-stack/protocol_messages.h:854:17:void Hello::clear_proto_ver()	16	static
../fw/comm-stack/protocol_messages.h:862:17:void Hello::clear_supported_modes()	16	static
../fw/comm-stack/protocol_messages.h:870:28:virtual EmbeddedProto::Error Hello::serialize(EmbeddedProto::WriteBufferInterface&) const	24	static
../fw/comm-stack/protocol_messages.h:892:28:virtual EmbeddedProto::Error Hello::deserialize(EmbeddedProto::ReadBufferInterface&)	40	static
../fw/comm-stack/protocol_messages.h:944:10:virtual void Hello::clear()	16	static
../fw/comm-stack/protocol_messages.h:1098:17:void LogisticRegressionParams::clear_data_rate_hz()	16	static
../fw/comm-stack/protocol_messages.h:1106:28:virtual EmbeddedProto::Error LogisticRegressionParams::serialize(EmbeddedProto::WriteBufferInterface&) const	24	static
../fw/comm-stack/protocol_messages.h:1118:28:virtual EmbeddedProto::Error LogisticRegressionParams::deserialize(EmbeddedProto::ReadBufferInterface&)	40	static
../fw/comm-stack/protocol_messages.h:1162:10:virtual void LogisticRegressionParams::clear()	16	static
../fw/comm-stack/protocol_messages.h:1363:17:Data::FieldNumber Data::get_which_message() const	16	static
../fw/comm-stack/protocol_messages.h:1366:17:bool Data::has_instruction() const	16	static
../fw/comm-stack/protocol_messages.h:39:5:ClassificationData::~ClassificationData()	16	static
../fw/comm-stack/protocol_messages.h:39:5:virtual ClassificationData::~ClassificationData()	16	static
../fw/comm-stack/protocol_messages.h:1402:38:const ClassificationData& Data::get_instruction() const	16	static
../fw/comm-stack/protocol_messages.h:1406:28:virtual EmbeddedProto::Error Data::serialize(EmbeddedProto::WriteBufferInterface&) const	24	static
../fw/comm-stack/protocol_messages.h:1426:28:virtual EmbeddedProto::Error Data::deserialize(EmbeddedProto::ReadBufferInterface&)	40	static
../fw/comm-stack/protocol_messages.h:1470:10:virtual void Data::clear()	16	static
../fw/comm-stack/protocol_messages.h:1577:9:Data::message::message()	16	static
../fw/comm-stack/protocol_messages.h:1578:9:Data::message::~message()	16	static
../fw/comm-stack/protocol_messages.h:28:5:constexpr ClassificationData::ClassificationData()	24	static
../fw/comm-stack/protocol_messages.h:1583:12:void Data::init_message(FieldNumber)	16	static
../fw/comm-stack/protocol_messages.h:1605:12:void Data::clear_message()	16	static
../fw/comm-stack/protocol_messages.h:1618:30:EmbeddedProto::Error Data::deserialize_message(FieldNumber, EmbeddedProto::ReadBufferInterface&, EmbeddedProto::WireFormatter::WireType)	32	static
../fw/comm-stack/protocol_messages.h:2494:17:DeviceMessage::FieldNumber DeviceMessage::get_which_message() const	16	static
../fw/comm-stack/protocol_messages.h:2497:17:bool DeviceMessage::has_hello() const	16	static
../fw/comm-stack/protocol_messages.h:819:5:Hello::~Hello()	16	static
../fw/comm-stack/protocol_messages.h:819:5:virtual Hello::~Hello()	16	static
../fw/comm-stack/protocol_messages.h:2533:25:const Hello& DeviceMessage::get_hello() const	16	static
../fw/comm-stack/protocol_messages.h:2537:17:bool DeviceMessage::has_data() const	16	static
../fw/comm-stack/protocol_messages.h:1313:5:Data::~Data()	16	static
../fw/comm-stack/protocol_messages.h:1313:5:virtual Data::~Data()	16	static
../fw/comm-stack/protocol_messages.h:2573:24:const Data& DeviceMessage::get_data() const	16	static
../fw/comm-stack/protocol_messages.h:2577:28:virtual EmbeddedProto::Error DeviceMessage::serialize(EmbeddedProto::WriteBufferInterface&) const	24	static
../fw/comm-stack/protocol_messages.h:2604:28:virtual EmbeddedProto::Error DeviceMessage::deserialize(EmbeddedProto::ReadBufferInterface&)	40	static
../fw/comm-stack/protocol_messages.h:2649:10:virtual void DeviceMessage::clear()	16	static
../fw/comm-stack/protocol_messages.h:2759:9:DeviceMessage::message::message()	16	static
../fw/comm-stack/protocol_messages.h:2760:9:DeviceMessage::message::~message()	16	static
../fw/comm-stack/protocol_messages.h:804:5:constexpr Hello::Hello()	32	static
../fw/comm-stack/protocol_messages.h:1272:5:Data::Data()	16	static
../fw/comm-stack/protocol_messages.h:2766:12:void DeviceMessage::init_message(FieldNumber)	16	static
../fw/comm-stack/protocol_messages.h:2792:12:void DeviceMessage::clear_message()	16	static
../fw/comm-stack/protocol_messages.h:2808:30:EmbeddedProto::Error DeviceMessage::deserialize_message(FieldNumber, EmbeddedProto::ReadBufferInterface&, EmbeddedProto::WireFormatter::WireType)	32	static
../fw/comm-stack/rx.cpp:19:6:bool ReceiveMessage(uint8_t*, uint8_t*)	24	static
../Middlewares/Third_Party/EmbeddedProto/src/ReadBufferInterface.h:48:15:EmbeddedProto::ReadBufferInterface::~ReadBufferInterface()	16	static
../Middlewares/Third_Party/EmbeddedProto/src/ReadBufferInterface.h:48:15:virtual EmbeddedProto::ReadBufferInterface::~ReadBufferInterface()	16	static
../Middlewares/Third_Party/EmbeddedProto/src/ReadBufferFixedSize.h:52:7:EmbeddedProto::ReadBufferFixedSize<BUFFER_SIZE>::~ReadBufferFixedSize() [with long unsigned int BUFFER_SIZE = 128]	16	static
../Middlewares/Third_Party/EmbeddedProto/src/ReadBufferFixedSize.h:52:7:EmbeddedProto::ReadBufferFixedSize<BUFFER_SIZE>::~ReadBufferFixedSize() [with long unsigned int BUFFER_SIZE = 128]	16	static
../fw/comm-stack/protocol_messages.h:2386:5:DeviceMessage::DeviceMessage()	16	static
../fw/comm-stack/protocol_messages.h:2435:5:DeviceMessage::~DeviceMessage()	16	static
../fw/comm-stack/protocol_messages.h:2435:5:virtual DeviceMessage::~DeviceMessage()	16	static
../fw/comm-stack/rx.cpp:38:13:rx_result_t HandleDeviceMessage(uint8_t*, uint8_t)	192	static
../fw/comm-stack/protocol_messages.h:2867:5:ProsthesisMessage<ProsthesisMessage_config_Config_params_ModeParams_classification_ClassificationParams_allowed_movements_REP_LENGTH>::ProsthesisMessage() [with long unsigned int ProsthesisMessage_config_Config_params_ModeParams_classification_ClassificationParams_allowed_movements_REP_LENGTH = 128]	16	static
../fw/comm-stack/protocol_messages.h:2916:5:ProsthesisMessage<ProsthesisMessage_config_Config_params_ModeParams_classification_ClassificationParams_allowed_movements_REP_LENGTH>::~ProsthesisMessage() [with long unsigned int ProsthesisMessage_config_Config_params_ModeParams_classification_ClassificationParams_allowed_movements_REP_LENGTH = 128]	16	static
../fw/comm-stack/protocol_messages.h:2916:5:ProsthesisMessage<ProsthesisMessage_config_Config_params_ModeParams_classification_ClassificationParams_allowed_movements_REP_LENGTH>::~ProsthesisMessage() [with long unsigned int ProsthesisMessage_config_Config_params_ModeParams_classification_ClassificationParams_allowed_movements_REP_LENGTH = 128]	16	static
../fw/comm-stack/rx.cpp:66:13:rx_result_t HandleProsthesisMessage(uint8_t*, uint8_t)	728	static
../Middlewares/Third_Party/EmbeddedProto/src/WireFormatter.h:142:20:static EmbeddedProto::Error EmbeddedProto::WireFormatter::SerializeFixedNoTag(UINT_TYPE, EmbeddedProto::WriteBufferInterface&) [with UINT_TYPE = long unsigned int]	24	static
../Middlewares/Third_Party/EmbeddedProto/src/WireFormatter.h:523:20:static EmbeddedProto::Error EmbeddedProto::WireFormatter::SerializeVarint(UINT_TYPE, EmbeddedProto::WriteBufferInterface&) [with UINT_TYPE = long unsigned int]	24	static
../Middlewares/Third_Party/EmbeddedProto/src/WireFormatter.h:548:20:static EmbeddedProto::Error EmbeddedProto::WireFormatter::DeserializeVarint(EmbeddedProto::ReadBufferInterface&, UINT_TYPE&) [with UINT_TYPE = long unsigned int]	48	static
../Middlewares/Third_Party/EmbeddedProto/src/WireFormatter.h:405:20:static EmbeddedProto::Error EmbeddedProto::WireFormatter::DeserializeFixed(EmbeddedProto::ReadBufferInterface&, TYPE&) [with TYPE = long unsigned int]	32	static
../Middlewares/Third_Party/EmbeddedProto/src/Fields.h:131:7:EmbeddedProto::FieldTemplate<FIELDTYPE, VARIABLE_TYPE, WIRETYPE>::FieldTemplate(const VARIABLE_TYPE&&) [with EmbeddedProto::Field::FieldTypes FIELDTYPE = EmbeddedProto::Field::FieldTypes::enumeration; VARIABLE_TYPE = ClassificationData::Action; EmbeddedProto::WireFormatter::WireType WIRETYPE = EmbeddedProto::WireFormatter::WireType::VARINT]	16	static
../Middlewares/Third_Party/EmbeddedProto/src/Fields.h:225:12:void EmbeddedProto::FieldTemplate<FIELDTYPE, VARIABLE_TYPE, WIRETYPE>::clear() [with EmbeddedProto::Field::FieldTypes FIELDTYPE = EmbeddedProto::Field::FieldTypes::enumeration; VARIABLE_TYPE = ClassificationData::Action; EmbeddedProto::WireFormatter::WireType WIRETYPE = EmbeddedProto::WireFormatter::WireType::VARINT]	16	static
../Middlewares/Third_Party/EmbeddedProto/src/Fields.h:195:28:const VARIABLE_TYPE& EmbeddedProto::FieldTemplate<FIELDTYPE, VARIABLE_TYPE, WIRETYPE>::get() const [with EmbeddedProto::Field::FieldTypes FIELDTYPE = EmbeddedProto::Field::FieldTypes::enumeration; VARIABLE_TYPE = ClassificationData::Action; EmbeddedProto::WireFormatter::WireType WIRETYPE = EmbeddedProto::WireFormatter::WireType::VARINT]	16	static
../Middlewares/Third_Party/EmbeddedProto/src/Fields.h:136:13:EmbeddedProto::Error EmbeddedProto::FieldTemplate<FIELDTYPE, VARIABLE_TYPE, WIRETYPE>::serialize_with_id(uint32_t, EmbeddedProto::WriteBufferInterface&, bool) const [with EmbeddedProto::Field::FieldTypes FIELDTYPE = EmbeddedProto::Field::FieldTypes::enumeration; VARIABLE_TYPE = ClassificationData::Action; EmbeddedProto::WireFormatter::WireType WIRETYPE = EmbeddedProto::WireFormatter::WireType::VARINT]	32	static
../Middlewares/Third_Party/EmbeddedProto/src/Fields.h:157:13:EmbeddedProto::Error EmbeddedProto::FieldTemplate<FIELDTYPE, VARIABLE_TYPE, WIRETYPE>::deserialize_check_type(EmbeddedProto::ReadBufferInterface&, const EmbeddedProto::WireFormatter::WireType&) [with EmbeddedProto::Field::FieldTypes FIELDTYPE = EmbeddedProto::Field::FieldTypes::enumeration; VARIABLE_TYPE = ClassificationData::Action; EmbeddedProto::WireFormatter::WireType WIRETYPE = EmbeddedProto::WireFormatter::WireType::VARINT]	32	static
../Middlewares/Third_Party/EmbeddedProto/src/Fields.h:131:7:EmbeddedProto::FieldTemplate<FIELDTYPE, VARIABLE_TYPE, WIRETYPE>::FieldTemplate(const VARIABLE_TYPE&&) [with EmbeddedProto::Field::FieldTypes FIELDTYPE = EmbeddedProto::Field::FieldTypes::uint32; VARIABLE_TYPE = long unsigned int; EmbeddedProto::WireFormatter::WireType WIRETYPE = EmbeddedProto::WireFormatter::WireType::VARINT]	16	static
../Middlewares/Third_Party/EmbeddedProto/src/Fields.h:225:12:void EmbeddedProto::FieldTemplate<FIELDTYPE, VARIABLE_TYPE, WIRETYPE>::clear() [with EmbeddedProto::Field::FieldTypes FIELDTYPE = EmbeddedProto::Field::FieldTypes::uint32; VARIABLE_TYPE = long unsigned int; EmbeddedProto::WireFormatter::WireType WIRETYPE = EmbeddedProto::WireFormatter::WireType::VARINT]	16	static
../Middlewares/Third_Party/EmbeddedProto/src/Fields.h:196:22:VARIABLE_TYPE& EmbeddedProto::FieldTemplate<FIELDTYPE, VARIABLE_TYPE, WIRETYPE>::get() [with EmbeddedProto::Field::FieldTypes FIELDTYPE = EmbeddedProto::Field::FieldTypes::uint32; VARIABLE_TYPE = long unsigned int; EmbeddedProto::WireFormatter::WireType WIRETYPE = EmbeddedProto::WireFormatter::WireType::VARINT]	16	static
../Middlewares/Third_Party/EmbeddedProto/src/Fields.h:195:28:const VARIABLE_TYPE& EmbeddedProto::FieldTemplate<FIELDTYPE, VARIABLE_TYPE, WIRETYPE>::get() const [with EmbeddedProto::Field::FieldTypes FIELDTYPE = EmbeddedProto::Field::FieldTypes::uint32; VARIABLE_TYPE = long unsigned int; EmbeddedProto::WireFormatter::WireType WIRETYPE = EmbeddedProto::WireFormatter::WireType::VARINT]	16	static
../Middlewares/Third_Party/EmbeddedProto/src/Fields.h:136:13:EmbeddedProto::Error EmbeddedProto::FieldTemplate<FIELDTYPE, VARIABLE_TYPE, WIRETYPE>::serialize_with_id(uint32_t, EmbeddedProto::WriteBufferInterface&, bool) const [with EmbeddedProto::Field::FieldTypes FIELDTYPE = EmbeddedProto::Field::FieldTypes::uint32; VARIABLE_TYPE = long unsigned int; EmbeddedProto::WireFormatter::WireType WIRETYPE = EmbeddedProto::WireFormatter::WireType::VARINT]	32	static
../Middlewares/Third_Party/EmbeddedProto/src/Fields.h:157:13:EmbeddedProto::Error EmbeddedProto::FieldTemplate<FIELDTYPE, VARIABLE_TYPE, WIRETYPE>::deserialize_check_type(EmbeddedProto::ReadBufferInterface&, const EmbeddedProto::WireFormatter::WireType&) [with EmbeddedProto::Field::FieldTypes FIELDTYPE = EmbeddedProto::Field::FieldTypes::uint32; VARIABLE_TYPE = long unsigned int; EmbeddedProto::WireFormatter::WireType WIRETYPE = EmbeddedProto::WireFormatter::WireType::VARINT]	32	static
../Middlewares/Third_Party/EmbeddedProto/src/Defines.h:56:18:constexpr void EmbeddedProto::destroy_at(T*) [with T = ClassificationData]	16	static
../Middlewares/Third_Party/EmbeddedProto/src/Defines.h:56:18:constexpr void EmbeddedProto::destroy_at(T*) [with T = Hello]	16	static
../Middlewares/Third_Party/EmbeddedProto/src/Defines.h:56:18:constexpr void EmbeddedProto::destroy_at(T*) [with T = Data]	16	static
../Middlewares/Third_Party/EmbeddedProto/src/ReadBufferFixedSize.h:113:16:uint8_t* EmbeddedProto::ReadBufferFixedSize<BUFFER_SIZE>::get_data() [with long unsigned int BUFFER_SIZE = 128]	24	static
../Middlewares/Third_Party/EmbeddedProto/src/ReadBufferFixedSize.h:119:12:void EmbeddedProto::ReadBufferFixedSize<BUFFER_SIZE>::set_bytes_written(uint32_t) [with long unsigned int BUFFER_SIZE = 128]	24	static
../fw/comm-stack/protocol_messages.h:3240:9:ProsthesisMessage<ProsthesisMessage_config_Config_params_ModeParams_classification_ClassificationParams_allowed_movements_REP_LENGTH>::message::message() [with long unsigned int ProsthesisMessage_config_Config_params_ModeParams_classification_ClassificationParams_allowed_movements_REP_LENGTH = 128]	16	static
../fw/comm-stack/protocol_messages.h:3241:9:ProsthesisMessage<ProsthesisMessage_config_Config_params_ModeParams_classification_ClassificationParams_allowed_movements_REP_LENGTH>::message::~message() [with long unsigned int ProsthesisMessage_config_Config_params_ModeParams_classification_ClassificationParams_allowed_movements_REP_LENGTH = 128]	16	static
../fw/comm-stack/protocol_messages.h:3085:28:EmbeddedProto::Error ProsthesisMessage<ProsthesisMessage_config_Config_params_ModeParams_classification_ClassificationParams_allowed_movements_REP_LENGTH>::deserialize(EmbeddedProto::ReadBufferInterface&) [with long unsigned int ProsthesisMessage_config_Config_params_ModeParams_classification_ClassificationParams_allowed_movements_REP_LENGTH = 128]	40	static
../fw/comm-stack/protocol_messages.h:2975:17:ProsthesisMessage<ProsthesisMessage_config_Config_params_ModeParams_classification_ClassificationParams_allowed_movements_REP_LENGTH>::FieldNumber ProsthesisMessage<ProsthesisMessage_config_Config_params_ModeParams_classification_ClassificationParams_allowed_movements_REP_LENGTH>::get_which_message() const [with long unsigned int ProsthesisMessage_config_Config_params_ModeParams_classification_ClassificationParams_allowed_movements_REP_LENGTH = 128]	16	static
../fw/comm-stack/protocol_messages.h:3014:142:const Config<ProsthesisMessage_config_Config_params_ModeParams_classification_ClassificationParams_allowed_movements_REP_LENGTH>& ProsthesisMessage<ProsthesisMessage_config_Config_params_ModeParams_classification_ClassificationParams_allowed_movements_REP_LENGTH>::get_config() const [with long unsigned int ProsthesisMessage_config_Config_params_ModeParams_classification_ClassificationParams_allowed_movements_REP_LENGTH = 128]	16	static
../fw/comm-stack/protocol_messages.h:2193:28:const uint32_t& Config<Config_params_ModeParams_classification_ClassificationParams_allowed_movements_REP_LENGTH>::get_selected_mode() const [with long unsigned int Config_params_ModeParams_classification_ClassificationParams_allowed_movements_REP_LENGTH = 128]	16	static
../fw/comm-stack/protocol_messages.h:3054:25:const Error& ProsthesisMessage<ProsthesisMessage_config_Config_params_ModeParams_classification_ClassificationParams_allowed_movements_REP_LENGTH>::get_error() const [with long unsigned int ProsthesisMessage_config_Config_params_ModeParams_classification_ClassificationParams_allowed_movements_REP_LENGTH = 128]	16	static
../Middlewares/Third_Party/EmbeddedProto/src/Fields.h:146:13:EmbeddedProto::Error EmbeddedProto::FieldTemplate<FIELDTYPE, VARIABLE_TYPE, WIRETYPE>::serialize(EmbeddedProto::WriteBufferInterface&) const [with EmbeddedProto::Field::FieldTypes FIELDTYPE = EmbeddedProto::Field::FieldTypes::enumeration; VARIABLE_TYPE = ClassificationData::Action; EmbeddedProto::WireFormatter::WireType WIRETYPE = EmbeddedProto::WireFormatter::WireType::VARINT]	16	static
../Middlewares/Third_Party/EmbeddedProto/src/Fields.h:151:13:EmbeddedProto::Error EmbeddedProto::FieldTemplate<FIELDTYPE, VARIABLE_TYPE, WIRETYPE>::deserialize(EmbeddedProto::ReadBufferInterface&) [with EmbeddedProto::Field::FieldTypes FIELDTYPE = EmbeddedProto::Field::FieldTypes::enumeration; VARIABLE_TYPE = ClassificationData::Action; EmbeddedProto::WireFormatter::WireType WIRETYPE = EmbeddedProto::WireFormatter::WireType::VARINT]	16	static
../Middlewares/Third_Party/EmbeddedProto/src/Fields.h:146:13:EmbeddedProto::Error EmbeddedProto::FieldTemplate<FIELDTYPE, VARIABLE_TYPE, WIRETYPE>::serialize(EmbeddedProto::WriteBufferInterface&) const [with EmbeddedProto::Field::FieldTypes FIELDTYPE = EmbeddedProto::Field::FieldTypes::uint32; VARIABLE_TYPE = long unsigned int; EmbeddedProto::WireFormatter::WireType WIRETYPE = EmbeddedProto::WireFormatter::WireType::VARINT]	16	static
../Middlewares/Third_Party/EmbeddedProto/src/Fields.h:151:13:EmbeddedProto::Error EmbeddedProto::FieldTemplate<FIELDTYPE, VARIABLE_TYPE, WIRETYPE>::deserialize(EmbeddedProto::ReadBufferInterface&) [with EmbeddedProto::Field::FieldTypes FIELDTYPE = EmbeddedProto::Field::FieldTypes::uint32; VARIABLE_TYPE = long unsigned int; EmbeddedProto::WireFormatter::WireType WIRETYPE = EmbeddedProto::WireFormatter::WireType::VARINT]	16	static
C:/Program Files (x86)/Arm GNU Toolchain arm-none-eabi/14.3 rel1/arm-none-eabi/include/c++/14.3.1/bits/stl_algobase.h:233:5:constexpr const _Tp& std::min(const _Tp&, const _Tp&) [with _Tp = long unsigned int]	16	static
../fw/comm-stack/protocol_messages.h:3289:30:EmbeddedProto::Error ProsthesisMessage<ProsthesisMessage_config_Config_params_ModeParams_classification_ClassificationParams_allowed_movements_REP_LENGTH>::deserialize_message(FieldNumber, EmbeddedProto::ReadBufferInterface&, EmbeddedProto::WireFormatter::WireType) [with long unsigned int ProsthesisMessage_config_Config_params_ModeParams_classification_ClassificationParams_allowed_movements_REP_LENGTH = 128]	32	static
../Middlewares/Third_Party/EmbeddedProto/src/Fields.h:365:13:EmbeddedProto::Error EmbeddedProto::FieldTemplate<FIELDTYPE, VARIABLE_TYPE, WIRETYPE>::serialize_(EmbeddedProto::WriteBufferInterface&) const [with EmbeddedProto::Field::FieldTypes SER_FIELDTYPE = EmbeddedProto::Field::FieldTypes::enumeration; typename std::enable_if<(EmbeddedProto::Field::FieldTypes::enumeration == SER_FIELDTYPE), bool>::type <anonymous> = true; EmbeddedProto::Field::FieldTypes FIELDTYPE = EmbeddedProto::Field::FieldTypes::enumeration; VARIABLE_TYPE = ClassificationData::Action; EmbeddedProto::WireFormatter::WireType WIRETYPE = EmbeddedProto::WireFormatter::WireType::VARINT]	16	static
../Middlewares/Third_Party/EmbeddedProto/src/Fields.h:409:13:EmbeddedProto::Error EmbeddedProto::FieldTemplate<FIELDTYPE, VARIABLE_TYPE, WIRETYPE>::deserialize_(EmbeddedProto::ReadBufferInterface&) [with EmbeddedProto::Field::FieldTypes DES_FIELDTYPE = EmbeddedProto::Field::FieldTypes::enumeration; typename std::enable_if<(EmbeddedProto::Field::FieldTypes::enumeration == SER_FIELDTYPE), bool>::type <anonymous> = true; EmbeddedProto::Field::FieldTypes FIELDTYPE = EmbeddedProto::Field::FieldTypes::enumeration; VARIABLE_TYPE = ClassificationData::Action; EmbeddedProto::WireFormatter::WireType WIRETYPE = EmbeddedProto::WireFormatter::WireType::VARINT]	24	static
../Middlewares/Third_Party/EmbeddedProto/src/Fields.h:346:13:EmbeddedProto::Error EmbeddedProto::FieldTemplate<FIELDTYPE, VARIABLE_TYPE, WIRETYPE>::serialize_(EmbeddedProto::WriteBufferInterface&) const [with EmbeddedProto::Field::FieldTypes SER_FIELDTYPE = EmbeddedProto::Field::FieldTypes::uint32; typename std::enable_if<(EmbeddedProto::Field::FieldTypes::uint32 == SER_FIELDTYPE), bool>::type <anonymous> = true; EmbeddedProto::Field::FieldTypes FIELDTYPE = EmbeddedProto::Field::FieldTypes::uint32; VARIABLE_TYPE = long unsigned int; EmbeddedProto::WireFormatter::WireType WIRETYPE = EmbeddedProto::WireFormatter::WireType::VARINT]	16	static
../Middlewares/Third_Party/EmbeddedProto/src/Fields.h:394:13:EmbeddedProto::Error EmbeddedProto::FieldTemplate<FIELDTYPE, VARIABLE_TYPE, WIRETYPE>::deserialize_(EmbeddedProto::ReadBufferInterface&) [with EmbeddedProto::Field::FieldTypes DES_FIELDTYPE = EmbeddedProto::Field::FieldTypes::uint32; typename std::enable_if<(EmbeddedProto::Field::FieldTypes::uint32 == SER_FIELDTYPE), bool>::type <anonymous> = true; EmbeddedProto::Field::FieldTypes FIELDTYPE = EmbeddedProto::Field::FieldTypes::uint32; VARIABLE_TYPE = long unsigned int; EmbeddedProto::WireFormatter::WireType WIRETYPE = EmbeddedProto::WireFormatter::WireType::VARINT]	16	static
../fw/comm-stack/protocol_messages.h:1671:5:ModeParams<ModeParams_classification_ClassificationParams_allowed_movements_REP_LENGTH>::ModeParams() [with long unsigned int ModeParams_classification_ClassificationParams_allowed_movements_REP_LENGTH = 128]	16	static
../fw/comm-stack/protocol_messages.h:1720:5:ModeParams<ModeParams_classification_ClassificationParams_allowed_movements_REP_LENGTH>::~ModeParams() [with long unsigned int ModeParams_classification_ClassificationParams_allowed_movements_REP_LENGTH = 128]	16	static
../fw/comm-stack/protocol_messages.h:1720:5:ModeParams<ModeParams_classification_ClassificationParams_allowed_movements_REP_LENGTH>::~ModeParams() [with long unsigned int ModeParams_classification_ClassificationParams_allowed_movements_REP_LENGTH = 128]	16	static
../fw/comm-stack/protocol_messages.h:2152:5:Config<Config_params_ModeParams_classification_ClassificationParams_allowed_movements_REP_LENGTH>::Config() [with long unsigned int Config_params_ModeParams_classification_ClassificationParams_allowed_movements_REP_LENGTH = 128]	24	static
../fw/comm-stack/protocol_messages.h:598:5:constexpr Error::Error()	24	static
../fw/comm-stack/protocol_messages.h:3247:12:void ProsthesisMessage<ProsthesisMessage_config_Config_params_ModeParams_classification_ClassificationParams_allowed_movements_REP_LENGTH>::init_message(FieldNumber) [with long unsigned int ProsthesisMessage_config_Config_params_ModeParams_classification_ClassificationParams_allowed_movements_REP_LENGTH = 128]	16	static
../fw/comm-stack/protocol_messages.h:3273:12:void ProsthesisMessage<ProsthesisMessage_config_Config_params_ModeParams_classification_ClassificationParams_allowed_movements_REP_LENGTH>::clear_message() [with long unsigned int ProsthesisMessage_config_Config_params_ModeParams_classification_ClassificationParams_allowed_movements_REP_LENGTH = 128]	16	static
../Middlewares/Third_Party/EmbeddedProto/src/WireFormatter.h:360:20:static EmbeddedProto::Error EmbeddedProto::WireFormatter::DeserializeUInt(EmbeddedProto::ReadBufferInterface&, UINT_TYPE&) [with UINT_TYPE = long unsigned int]	16	static
../fw/comm-stack/protocol_messages.h:2044:9:ModeParams<ModeParams_classification_ClassificationParams_allowed_movements_REP_LENGTH>::mode_specific::mode_specific() [with long unsigned int ModeParams_classification_ClassificationParams_allowed_movements_REP_LENGTH = 128]	16	static
../fw/comm-stack/protocol_messages.h:2045:9:ModeParams<ModeParams_classification_ClassificationParams_allowed_movements_REP_LENGTH>::mode_specific::~mode_specific() [with long unsigned int ModeParams_classification_ClassificationParams_allowed_movements_REP_LENGTH = 128]	16	static
../fw/comm-stack/protocol_messages.h:2165:5:Config<Config_params_ModeParams_classification_ClassificationParams_allowed_movements_REP_LENGTH>::~Config() [with long unsigned int Config_params_ModeParams_classification_ClassificationParams_allowed_movements_REP_LENGTH = 128]	16	static
../fw/comm-stack/protocol_messages.h:2165:5:Config<Config_params_ModeParams_classification_ClassificationParams_allowed_movements_REP_LENGTH>::~Config() [with long unsigned int Config_params_ModeParams_classification_ClassificationParams_allowed_movements_REP_LENGTH = 128]	16	static
../Middlewares/Third_Party/EmbeddedProto/src/Defines.h:56:18:constexpr void EmbeddedProto::destroy_at(T*) [with T = Config<128>]	16	static
../fw/comm-stack/protocol_messages.h:609:5:Error::~Error()	16	static
../fw/comm-stack/protocol_messages.h:609:5:virtual Error::~Error()	16	static
../Middlewares/Third_Party/EmbeddedProto/src/Defines.h:56:18:constexpr void EmbeddedProto::destroy_at(T*) [with T = Error]	16	static
../fw/comm-stack/protocol_messages.h:1077:5:LogisticRegressionParams::~LogisticRegressionParams()	16	static
../fw/comm-stack/protocol_messages.h:1077:5:virtual LogisticRegressionParams::~LogisticRegressionParams()	16	static
../fw/comm-stack/protocol_messages.h:3058:28:EmbeddedProto::Error ProsthesisMessage<ProsthesisMessage_config_Config_params_ModeParams_classification_ClassificationParams_allowed_movements_REP_LENGTH>::serialize(EmbeddedProto::WriteBufferInterface&) const [with long unsigned int ProsthesisMessage_config_Config_params_ModeParams_classification_ClassificationParams_allowed_movements_REP_LENGTH = 128]	24	static
../fw/comm-stack/protocol_messages.h:3130:10:void ProsthesisMessage<ProsthesisMessage_config_Config_params_ModeParams_classification_ClassificationParams_allowed_movements_REP_LENGTH>::clear() [with long unsigned int ProsthesisMessage_config_Config_params_ModeParams_classification_ClassificationParams_allowed_movements_REP_LENGTH = 128]	16	static
../fw/comm-stack/protocol_messages.h:2205:28:EmbeddedProto::Error Config<Config_params_ModeParams_classification_ClassificationParams_allowed_movements_REP_LENGTH>::serialize(EmbeddedProto::WriteBufferInterface&) const [with long unsigned int Config_params_ModeParams_classification_ClassificationParams_allowed_movements_REP_LENGTH = 128]	24	static
../fw/comm-stack/protocol_messages.h:2222:28:EmbeddedProto::Error Config<Config_params_ModeParams_classification_ClassificationParams_allowed_movements_REP_LENGTH>::deserialize(EmbeddedProto::ReadBufferInterface&) [with long unsigned int Config_params_ModeParams_classification_ClassificationParams_allowed_movements_REP_LENGTH = 128]	40	static
../fw/comm-stack/protocol_messages.h:2270:10:void Config<Config_params_ModeParams_classification_ClassificationParams_allowed_movements_REP_LENGTH>::clear() [with long unsigned int Config_params_ModeParams_classification_ClassificationParams_allowed_movements_REP_LENGTH = 128]	16	static
../fw/comm-stack/protocol_messages.h:1862:28:EmbeddedProto::Error ModeParams<ModeParams_classification_ClassificationParams_allowed_movements_REP_LENGTH>::serialize(EmbeddedProto::WriteBufferInterface&) const [with long unsigned int ModeParams_classification_ClassificationParams_allowed_movements_REP_LENGTH = 128]	24	static
../fw/comm-stack/protocol_messages.h:1889:28:EmbeddedProto::Error ModeParams<ModeParams_classification_ClassificationParams_allowed_movements_REP_LENGTH>::deserialize(EmbeddedProto::ReadBufferInterface&) [with long unsigned int ModeParams_classification_ClassificationParams_allowed_movements_REP_LENGTH = 128]	40	static
../fw/comm-stack/protocol_messages.h:1934:10:void ModeParams<ModeParams_classification_ClassificationParams_allowed_movements_REP_LENGTH>::clear() [with long unsigned int ModeParams_classification_ClassificationParams_allowed_movements_REP_LENGTH = 128]	16	static
../Middlewares/Third_Party/EmbeddedProto/src/ReadBufferFixedSize.h:55:16:uint32_t EmbeddedProto::ReadBufferFixedSize<BUFFER_SIZE>::get_size() const [with long unsigned int BUFFER_SIZE = 128]	16	static
../Middlewares/Third_Party/EmbeddedProto/src/ReadBufferFixedSize.h:61:16:uint32_t EmbeddedProto::ReadBufferFixedSize<BUFFER_SIZE>::get_max_size() const [with long unsigned int BUFFER_SIZE = 128]	16	static
../Middlewares/Third_Party/EmbeddedProto/src/ReadBufferFixedSize.h:67:12:bool EmbeddedProto::ReadBufferFixedSize<BUFFER_SIZE>::peek(uint8_t&) const [with long unsigned int BUFFER_SIZE = 128]	24	static
../Middlewares/Third_Party/EmbeddedProto/src/ReadBufferFixedSize.h:78:12:bool EmbeddedProto::ReadBufferFixedSize<BUFFER_SIZE>::advance() [with long unsigned int BUFFER_SIZE = 128]	24	static
../Middlewares/Third_Party/EmbeddedProto/src/ReadBufferFixedSize.h:89:12:bool EmbeddedProto::ReadBufferFixedSize<BUFFER_SIZE>::advance(uint32_t) [with long unsigned int BUFFER_SIZE = 128]	24	static
../Middlewares/Third_Party/EmbeddedProto/src/ReadBufferFixedSize.h:101:12:bool EmbeddedProto::ReadBufferFixedSize<BUFFER_SIZE>::pop(uint8_t&) [with long unsigned int BUFFER_SIZE = 128]	24	static
../fw/comm-stack/protocol_messages.h:2978:17:bool ProsthesisMessage<ProsthesisMessage_config_Config_params_ModeParams_classification_ClassificationParams_allowed_movements_REP_LENGTH>::has_config() const [with long unsigned int ProsthesisMessage_config_Config_params_ModeParams_classification_ClassificationParams_allowed_movements_REP_LENGTH = 128]	16	static
../fw/comm-stack/protocol_messages.h:3018:17:bool ProsthesisMessage<ProsthesisMessage_config_Config_params_ModeParams_classification_ClassificationParams_allowed_movements_REP_LENGTH>::has_error() const [with long unsigned int ProsthesisMessage_config_Config_params_ModeParams_classification_ClassificationParams_allowed_movements_REP_LENGTH = 128]	16	static
../fw/comm-stack/protocol_messages.h:2189:17:void Config<Config_params_ModeParams_classification_ClassificationParams_allowed_movements_REP_LENGTH>::clear_selected_mode() [with long unsigned int Config_params_ModeParams_classification_ClassificationParams_allowed_movements_REP_LENGTH = 128]	16	static
../fw/comm-stack/protocol_messages.h:2197:17:void Config<Config_params_ModeParams_classification_ClassificationParams_allowed_movements_REP_LENGTH>::clear_params() [with long unsigned int Config_params_ModeParams_classification_ClassificationParams_allowed_movements_REP_LENGTH = 128]	16	static
../fw/comm-stack/protocol_messages.h:1782:17:bool ModeParams<ModeParams_classification_ClassificationParams_allowed_movements_REP_LENGTH>::has_classification() const [with long unsigned int ModeParams_classification_ClassificationParams_allowed_movements_REP_LENGTH = 128]	16	static
../fw/comm-stack/protocol_messages.h:1822:17:bool ModeParams<ModeParams_classification_ClassificationParams_allowed_movements_REP_LENGTH>::has_regression() const [with long unsigned int ModeParams_classification_ClassificationParams_allowed_movements_REP_LENGTH = 128]	16	static
../fw/comm-stack/protocol_messages.h:2093:30:EmbeddedProto::Error ModeParams<ModeParams_classification_ClassificationParams_allowed_movements_REP_LENGTH>::deserialize_mode_specific(FieldNumber, EmbeddedProto::ReadBufferInterface&, EmbeddedProto::WireFormatter::WireType) [with long unsigned int ModeParams_classification_ClassificationParams_allowed_movements_REP_LENGTH = 128]	32	static
../fw/comm-stack/protocol_messages.h:2077:12:void ModeParams<ModeParams_classification_ClassificationParams_allowed_movements_REP_LENGTH>::clear_mode_specific() [with long unsigned int ModeParams_classification_ClassificationParams_allowed_movements_REP_LENGTH = 128]	16	static
C:/Program Files (x86)/Arm GNU Toolchain arm-none-eabi/14.3 rel1/arm-none-eabi/include/c++/14.3.1/array:214:7:constexpr const std::array<_Tp, _Nm>::value_type& std::array<_Tp, _Nm>::operator[](size_type) const [with _Tp = unsigned char; unsigned int _Nm = 128]	16	static
C:/Program Files (x86)/Arm GNU Toolchain arm-none-eabi/14.3 rel1/arm-none-eabi/include/c++/14.3.1/array:206:7:std::array<_Tp, _Nm>::value_type& std::array<_Tp, _Nm>::operator[](size_type) [with _Tp = unsigned char; unsigned int _Nm = 128]	16	static
../Middlewares/Third_Party/EmbeddedProto/src/RepeatedField.h:72:7:constexpr EmbeddedProto::RepeatedField<DATA_TYPE>::RepeatedField() [with DATA_TYPE = EmbeddedProto::FieldTemplate<EmbeddedProto::Field::FieldTypes::uint32, long unsigned int, EmbeddedProto::WireFormatter::WireType::VARINT>]	16	static
../Middlewares/Third_Party/EmbeddedProto/src/RepeatedField.h:73:7:EmbeddedProto::RepeatedField<DATA_TYPE>::~RepeatedField() [with DATA_TYPE = EmbeddedProto::FieldTemplate<EmbeddedProto::Field::FieldTypes::uint32, long unsigned int, EmbeddedProto::WireFormatter::WireType::VARINT>]	16	static
../Middlewares/Third_Party/EmbeddedProto/src/RepeatedField.h:73:7:EmbeddedProto::RepeatedField<DATA_TYPE>::~RepeatedField() [with DATA_TYPE = EmbeddedProto::FieldTemplate<EmbeddedProto::Field::FieldTypes::uint32, long unsigned int, EmbeddedProto::WireFormatter::WireType::VARINT>]	16	static
../Middlewares/Third_Party/EmbeddedProto/src/RepeatedFieldFixedSize.h:58:7:constexpr EmbeddedProto::RepeatedFieldFixedSize<DATA_TYPE, MAX_LENGTH>::RepeatedFieldFixedSize() [with DATA_TYPE = EmbeddedProto::FieldTemplate<EmbeddedProto::Field::FieldTypes::uint32, long unsigned int, EmbeddedProto::WireFormatter::WireType::VARINT>; long unsigned int MAX_LENGTH = 128]	16	static
../Middlewares/Third_Party/EmbeddedProto/src/RepeatedFieldFixedSize.h:59:7:EmbeddedProto::RepeatedFieldFixedSize<DATA_TYPE, MAX_LENGTH>::~RepeatedFieldFixedSize() [with DATA_TYPE = EmbeddedProto::FieldTemplate<EmbeddedProto::Field::FieldTypes::uint32, long unsigned int, EmbeddedProto::WireFormatter::WireType::VARINT>; long unsigned int MAX_LENGTH = 128]	16	static
../Middlewares/Third_Party/EmbeddedProto/src/RepeatedFieldFixedSize.h:59:7:EmbeddedProto::RepeatedFieldFixedSize<DATA_TYPE, MAX_LENGTH>::~RepeatedFieldFixedSize() [with DATA_TYPE = EmbeddedProto::FieldTemplate<EmbeddedProto::Field::FieldTypes::uint32, long unsigned int, EmbeddedProto::WireFormatter::WireType::VARINT>; long unsigned int MAX_LENGTH = 128]	16	static
../fw/comm-stack/protocol_messages.h:245:5:constexpr ClassificationParams<ClassificationParams_allowed_movements_REP_LENGTH>::ClassificationParams() [with long unsigned int ClassificationParams_allowed_movements_REP_LENGTH = 128]	24	static
../fw/comm-stack/protocol_messages.h:1066:5:constexpr LogisticRegressionParams::LogisticRegressionParams()	24	static
../fw/comm-stack/protocol_messages.h:2051:12:void ModeParams<ModeParams_classification_ClassificationParams_allowed_movements_REP_LENGTH>::init_mode_specific(FieldNumber) [with long unsigned int ModeParams_classification_ClassificationParams_allowed_movements_REP_LENGTH = 128]	16	static
../fw/comm-stack/protocol_messages.h:276:5:ClassificationParams<ClassificationParams_allowed_movements_REP_LENGTH>::~ClassificationParams() [with long unsigned int ClassificationParams_allowed_movements_REP_LENGTH = 128]	16	static
../fw/comm-stack/protocol_messages.h:276:5:ClassificationParams<ClassificationParams_allowed_movements_REP_LENGTH>::~ClassificationParams() [with long unsigned int ClassificationParams_allowed_movements_REP_LENGTH = 128]	16	static
../Middlewares/Third_Party/EmbeddedProto/src/Defines.h:56:18:constexpr void EmbeddedProto::destroy_at(T*) [with T = ClassificationParams<128>]	16	static
../Middlewares/Third_Party/EmbeddedProto/src/Defines.h:56:18:constexpr void EmbeddedProto::destroy_at(T*) [with T = LogisticRegressionParams]	16	static
../Middlewares/Third_Party/EmbeddedProto/src/Fields.h:131:7:EmbeddedProto::FieldTemplate<FIELDTYPE, VARIABLE_TYPE, WIRETYPE>::FieldTemplate(const VARIABLE_TYPE&&) [with EmbeddedProto::Field::FieldTypes FIELDTYPE = EmbeddedProto::Field::FieldTypes::floatfixed; VARIABLE_TYPE = float; EmbeddedProto::WireFormatter::WireType WIRETYPE = EmbeddedProto::WireFormatter::WireType::FIXED32]	16	static
../fw/comm-stack/protocol_messages.h:367:28:EmbeddedProto::Error ClassificationParams<ClassificationParams_allowed_movements_REP_LENGTH>::serialize(EmbeddedProto::WriteBufferInterface&) const [with long unsigned int ClassificationParams_allowed_movements_REP_LENGTH = 128]	24	static
../fw/comm-stack/protocol_messages.h:389:28:EmbeddedProto::Error ClassificationParams<ClassificationParams_allowed_movements_REP_LENGTH>::deserialize(EmbeddedProto::ReadBufferInterface&) [with long unsigned int ClassificationParams_allowed_movements_REP_LENGTH = 128]	40	static
../fw/comm-stack/protocol_messages.h:442:10:void ClassificationParams<ClassificationParams_allowed_movements_REP_LENGTH>::clear() [with long unsigned int ClassificationParams_allowed_movements_REP_LENGTH = 128]	16	static
../Middlewares/Third_Party/EmbeddedProto/src/RepeatedField.h:155:13:EmbeddedProto::Error EmbeddedProto::RepeatedField<DATA_TYPE>::serialize_with_id(uint32_t, EmbeddedProto::WriteBufferInterface&, bool) const [with DATA_TYPE = EmbeddedProto::FieldTemplate<EmbeddedProto::Field::FieldTypes::uint32, long unsigned int, EmbeddedProto::WireFormatter::WireType::VARINT>]	40	static
../Middlewares/Third_Party/EmbeddedProto/src/RepeatedField.h:148:13:EmbeddedProto::Error EmbeddedProto::RepeatedField<DATA_TYPE>::serialize(EmbeddedProto::WriteBufferInterface&) const [with DATA_TYPE = EmbeddedProto::FieldTemplate<EmbeddedProto::Field::FieldTypes::uint32, long unsigned int, EmbeddedProto::WireFormatter::WireType::VARINT>]	16	static
../Middlewares/Third_Party/EmbeddedProto/src/RepeatedField.h:209:13:EmbeddedProto::Error EmbeddedProto::RepeatedField<DATA_TYPE>::deserialize(EmbeddedProto::ReadBufferInterface&) [with DATA_TYPE = EmbeddedProto::FieldTemplate<EmbeddedProto::Field::FieldTypes::uint32, long unsigned int, EmbeddedProto::WireFormatter::WireType::VARINT>]	24	static
../Middlewares/Third_Party/EmbeddedProto/src/RepeatedField.h:223:13:EmbeddedProto::Error EmbeddedProto::RepeatedField<DATA_TYPE>::deserialize_check_type(EmbeddedProto::ReadBufferInterface&, const EmbeddedProto::WireFormatter::WireType&) [with DATA_TYPE = EmbeddedProto::FieldTemplate<EmbeddedProto::Field::FieldTypes::uint32, long unsigned int, EmbeddedProto::WireFormatter::WireType::VARINT>]	32	static
../Middlewares/Third_Party/EmbeddedProto/src/RepeatedFieldFixedSize.h:184:12:void EmbeddedProto::RepeatedFieldFixedSize<DATA_TYPE, MAX_LENGTH>::clear() [with DATA_TYPE = EmbeddedProto::FieldTemplate<EmbeddedProto::Field::FieldTypes::uint32, long unsigned int, EmbeddedProto::WireFormatter::WireType::VARINT>; long unsigned int MAX_LENGTH = 128]	32	static
../Middlewares/Third_Party/EmbeddedProto/src/RepeatedFieldFixedSize.h:98:16:uint32_t EmbeddedProto::RepeatedFieldFixedSize<DATA_TYPE, MAX_LENGTH>::get_length() const [with DATA_TYPE = EmbeddedProto::FieldTemplate<EmbeddedProto::Field::FieldTypes::uint32, long unsigned int, EmbeddedProto::WireFormatter::WireType::VARINT>; long unsigned int MAX_LENGTH = 128]	16	static
../Middlewares/Third_Party/EmbeddedProto/src/RepeatedFieldFixedSize.h:101:16:uint32_t EmbeddedProto::RepeatedFieldFixedSize<DATA_TYPE, MAX_LENGTH>::get_max_length() const [with DATA_TYPE = EmbeddedProto::FieldTemplate<EmbeddedProto::Field::FieldTypes::uint32, long unsigned int, EmbeddedProto::WireFormatter::WireType::VARINT>; long unsigned int MAX_LENGTH = 128]	16	static
../Middlewares/Third_Party/EmbeddedProto/src/RepeatedFieldFixedSize.h:104:16:uint32_t EmbeddedProto::RepeatedFieldFixedSize<DATA_TYPE, MAX_LENGTH>::get_size() const [with DATA_TYPE = EmbeddedProto::FieldTemplate<EmbeddedProto::Field::FieldTypes::uint32, long unsigned int, EmbeddedProto::WireFormatter::WireType::VARINT>; long unsigned int MAX_LENGTH = 128]	16	static
../Middlewares/Third_Party/EmbeddedProto/src/RepeatedFieldFixedSize.h:107:16:uint32_t EmbeddedProto::RepeatedFieldFixedSize<DATA_TYPE, MAX_LENGTH>::get_max_size() const [with DATA_TYPE = EmbeddedProto::FieldTemplate<EmbeddedProto::Field::FieldTypes::uint32, long unsigned int, EmbeddedProto::WireFormatter::WireType::VARINT>; long unsigned int MAX_LENGTH = 128]	16	static
../Middlewares/Third_Party/EmbeddedProto/src/RepeatedFieldFixedSize.h:109:18:DATA_TYPE& EmbeddedProto::RepeatedFieldFixedSize<DATA_TYPE, MAX_LENGTH>::get(uint32_t) [with DATA_TYPE = EmbeddedProto::FieldTemplate<EmbeddedProto::Field::FieldTypes::uint32, long unsigned int, EmbeddedProto::WireFormatter::WireType::VARINT>; long unsigned int MAX_LENGTH = 128]	24	static
../Middlewares/Third_Party/EmbeddedProto/src/RepeatedFieldFixedSize.h:119:24:const DATA_TYPE& EmbeddedProto::RepeatedFieldFixedSize<DATA_TYPE, MAX_LENGTH>::get_const(uint32_t) const [with DATA_TYPE = EmbeddedProto::FieldTemplate<EmbeddedProto::Field::FieldTypes::uint32, long unsigned int, EmbeddedProto::WireFormatter::WireType::VARINT>; long unsigned int MAX_LENGTH = 128]	24	static
../Middlewares/Third_Party/EmbeddedProto/src/RepeatedFieldFixedSize.h:125:13:EmbeddedProto::Error EmbeddedProto::RepeatedFieldFixedSize<DATA_TYPE, MAX_LENGTH>::get_const(uint32_t, DATA_TYPE&) const [with DATA_TYPE = EmbeddedProto::FieldTemplate<EmbeddedProto::Field::FieldTypes::uint32, long unsigned int, EmbeddedProto::WireFormatter::WireType::VARINT>; long unsigned int MAX_LENGTH = 128]	32	static
../Middlewares/Third_Party/EmbeddedProto/src/RepeatedFieldFixedSize.h:139:12:void EmbeddedProto::RepeatedFieldFixedSize<DATA_TYPE, MAX_LENGTH>::set(uint32_t, const DATA_TYPE&) [with DATA_TYPE = EmbeddedProto::FieldTemplate<EmbeddedProto::Field::FieldTypes::uint32, long unsigned int, EmbeddedProto::WireFormatter::WireType::VARINT>; long unsigned int MAX_LENGTH = 128]	32	static
../Middlewares/Third_Party/EmbeddedProto/src/RepeatedFieldFixedSize.h:149:13:EmbeddedProto::Error EmbeddedProto::RepeatedFieldFixedSize<DATA_TYPE, MAX_LENGTH>::set_data(const DATA_TYPE*, uint32_t) [with DATA_TYPE = EmbeddedProto::FieldTemplate<EmbeddedProto::Field::FieldTypes::uint32, long unsigned int, EmbeddedProto::WireFormatter::WireType::VARINT>; long unsigned int MAX_LENGTH = 128]	40	static
../Middlewares/Third_Party/EmbeddedProto/src/RepeatedFieldFixedSize.h:169:13:EmbeddedProto::Error EmbeddedProto::RepeatedFieldFixedSize<DATA_TYPE, MAX_LENGTH>::add(const DATA_TYPE&) [with DATA_TYPE = EmbeddedProto::FieldTemplate<EmbeddedProto::Field::FieldTypes::uint32, long unsigned int, EmbeddedProto::WireFormatter::WireType::VARINT>; long unsigned int MAX_LENGTH = 128]	24	static
../fw/comm-stack/protocol_messages.h:580:31:static constexpr ClassificationParams<ClassificationParams_allowed_movements_REP_LENGTH>::presence::TYPE ClassificationParams<ClassificationParams_allowed_movements_REP_LENGTH>::presence::mask(const fields&) [with long unsigned int ClassificationParams_allowed_movements_REP_LENGTH = 128]	16	static
../fw/comm-stack/protocol_messages.h:339:17:bool ClassificationParams<ClassificationParams_allowed_movements_REP_LENGTH>::has_threshold() const [with long unsigned int ClassificationParams_allowed_movements_REP_LENGTH = 128]	24	static
../Middlewares/Third_Party/EmbeddedProto/src/Fields.h:136:13:EmbeddedProto::Error EmbeddedProto::FieldTemplate<FIELDTYPE, VARIABLE_TYPE, WIRETYPE>::serialize_with_id(uint32_t, EmbeddedProto::WriteBufferInterface&, bool) const [with EmbeddedProto::Field::FieldTypes FIELDTYPE = EmbeddedProto::Field::FieldTypes::floatfixed; VARIABLE_TYPE = float; EmbeddedProto::WireFormatter::WireType WIRETYPE = EmbeddedProto::WireFormatter::WireType::FIXED32]	32	static
../Middlewares/Third_Party/EmbeddedProto/src/Fields.h:157:13:EmbeddedProto::Error EmbeddedProto::FieldTemplate<FIELDTYPE, VARIABLE_TYPE, WIRETYPE>::deserialize_check_type(EmbeddedProto::ReadBufferInterface&, const EmbeddedProto::WireFormatter::WireType&) [with EmbeddedProto::Field::FieldTypes FIELDTYPE = EmbeddedProto::Field::FieldTypes::floatfixed; VARIABLE_TYPE = float; EmbeddedProto::WireFormatter::WireType WIRETYPE = EmbeddedProto::WireFormatter::WireType::FIXED32]	32	static
../fw/comm-stack/protocol_messages.h:319:17:void ClassificationParams<ClassificationParams_allowed_movements_REP_LENGTH>::clear_data_rate_hz() [with long unsigned int ClassificationParams_allowed_movements_REP_LENGTH = 128]	16	static
../fw/comm-stack/protocol_messages.h:328:17:void ClassificationParams<ClassificationParams_allowed_movements_REP_LENGTH>::clear_allowed_movements() [with long unsigned int ClassificationParams_allowed_movements_REP_LENGTH = 128]	16	static
../fw/comm-stack/protocol_messages.h:343:17:void ClassificationParams<ClassificationParams_allowed_movements_REP_LENGTH>::clear_threshold() [with long unsigned int ClassificationParams_allowed_movements_REP_LENGTH = 128]	24	static
../Middlewares/Third_Party/EmbeddedProto/src/WriteBufferInterface.h:51:15:EmbeddedProto::WriteBufferInterface::~WriteBufferInterface()	16	static
../Middlewares/Third_Party/EmbeddedProto/src/WriteBufferInterface.h:51:15:virtual EmbeddedProto::WriteBufferInterface::~WriteBufferInterface()	16	static
../Middlewares/Third_Party/EmbeddedProto/src/MessageSizeCalculator.h:54:7:EmbeddedProto::MessageSizeCalculator::~MessageSizeCalculator()	16	static
../Middlewares/Third_Party/EmbeddedProto/src/MessageSizeCalculator.h:54:7:virtual EmbeddedProto::MessageSizeCalculator::~MessageSizeCalculator()	16	static
../Middlewares/Third_Party/EmbeddedProto/src/RepeatedField.h:241:16:uint32_t EmbeddedProto::RepeatedField<DATA_TYPE>::serialized_size_packed() const [with DATA_TYPE = EmbeddedProto::FieldTemplate<EmbeddedProto::Field::FieldTypes::uint32, long unsigned int, EmbeddedProto::WireFormatter::WireType::VARINT>]	32	static
../Middlewares/Third_Party/EmbeddedProto/src/RepeatedField.h:307:13:EmbeddedProto::Error EmbeddedProto::RepeatedField<DATA_TYPE>::serialize_packed(EmbeddedProto::WriteBufferInterface&) const [with DATA_TYPE = EmbeddedProto::FieldTemplate<EmbeddedProto::Field::FieldTypes::uint32, long unsigned int, EmbeddedProto::WireFormatter::WireType::VARINT>]	24	static
../Middlewares/Third_Party/EmbeddedProto/src/ReadBufferSection.h:63:7:EmbeddedProto::ReadBufferSection::~ReadBufferSection()	16	static
../Middlewares/Third_Party/EmbeddedProto/src/ReadBufferSection.h:63:7:virtual EmbeddedProto::ReadBufferSection::~ReadBufferSection()	16	static
../Middlewares/Third_Party/EmbeddedProto/src/RepeatedField.h:338:13:EmbeddedProto::Error EmbeddedProto::RepeatedField<DATA_TYPE>::deserialize_packed(EmbeddedProto::ReadBufferInterface&) [with DATA_TYPE = EmbeddedProto::FieldTemplate<EmbeddedProto::Field::FieldTypes::uint32, long unsigned int, EmbeddedProto::WireFormatter::WireType::VARINT>]	56	static
C:/Program Files (x86)/Arm GNU Toolchain arm-none-eabi/14.3 rel1/arm-none-eabi/include/c++/14.3.1/array:132:7:std::array<_Tp, _Nm>::value_type* std::array<_Tp, _Nm>::begin() [with _Tp = EmbeddedProto::FieldTemplate<EmbeddedProto::Field::FieldTypes::uint32, long unsigned int, EmbeddedProto::WireFormatter::WireType::VARINT>; unsigned int _Nm = 128]	24	static
C:/Program Files (x86)/Arm GNU Toolchain arm-none-eabi/14.3 rel1/arm-none-eabi/include/c++/14.3.1/array:142:7:std::array<_Tp, _Nm>::value_type* std::array<_Tp, _Nm>::end() [with _Tp = EmbeddedProto::FieldTemplate<EmbeddedProto::Field::FieldTypes::uint32, long unsigned int, EmbeddedProto::WireFormatter::WireType::VARINT>; unsigned int _Nm = 128]	24	static
C:/Program Files (x86)/Arm GNU Toolchain arm-none-eabi/14.3 rel1/arm-none-eabi/include/c++/14.3.1/array:206:7:std::array<_Tp, _Nm>::value_type& std::array<_Tp, _Nm>::operator[](size_type) [with _Tp = EmbeddedProto::FieldTemplate<EmbeddedProto::Field::FieldTypes::uint32, long unsigned int, EmbeddedProto::WireFormatter::WireType::VARINT>; unsigned int _Nm = 128]	16	static
C:/Program Files (x86)/Arm GNU Toolchain arm-none-eabi/14.3 rel1/arm-none-eabi/include/c++/14.3.1/array:214:7:constexpr const std::array<_Tp, _Nm>::value_type& std::array<_Tp, _Nm>::operator[](size_type) const [with _Tp = EmbeddedProto::FieldTemplate<EmbeddedProto::Field::FieldTypes::uint32, long unsigned int, EmbeddedProto::WireFormatter::WireType::VARINT>; unsigned int _Nm = 128]	16	static
../Middlewares/Third_Party/EmbeddedProto/src/Fields.h:184:19:EmbeddedProto::FieldTemplate<FIELDTYPE, VARIABLE_TYPE, WIRETYPE>::CLASS_TYPE& EmbeddedProto::FieldTemplate<FIELDTYPE, VARIABLE_TYPE, WIRETYPE>::operator=(const CLASS_TYPE&) [with EmbeddedProto::Field::FieldTypes FIELDTYPE = EmbeddedProto::Field::FieldTypes::uint32; VARIABLE_TYPE = long unsigned int; EmbeddedProto::WireFormatter::WireType WIRETYPE = EmbeddedProto::WireFormatter::WireType::VARINT]	16	static
../Middlewares/Third_Party/EmbeddedProto/src/Fields.h:146:13:EmbeddedProto::Error EmbeddedProto::FieldTemplate<FIELDTYPE, VARIABLE_TYPE, WIRETYPE>::serialize(EmbeddedProto::WriteBufferInterface&) const [with EmbeddedProto::Field::FieldTypes FIELDTYPE = EmbeddedProto::Field::FieldTypes::floatfixed; VARIABLE_TYPE = float; EmbeddedProto::WireFormatter::WireType WIRETYPE = EmbeddedProto::WireFormatter::WireType::FIXED32]	16	static
../Middlewares/Third_Party/EmbeddedProto/src/Fields.h:151:13:EmbeddedProto::Error EmbeddedProto::FieldTemplate<FIELDTYPE, VARIABLE_TYPE, WIRETYPE>::deserialize(EmbeddedProto::ReadBufferInterface&) [with EmbeddedProto::Field::FieldTypes FIELDTYPE = EmbeddedProto::Field::FieldTypes::floatfixed; VARIABLE_TYPE = float; EmbeddedProto::WireFormatter::WireType WIRETYPE = EmbeddedProto::WireFormatter::WireType::FIXED32]	16	static
../Middlewares/Third_Party/EmbeddedProto/src/Fields.h:225:12:void EmbeddedProto::FieldTemplate<FIELDTYPE, VARIABLE_TYPE, WIRETYPE>::clear() [with EmbeddedProto::Field::FieldTypes FIELDTYPE = EmbeddedProto::Field::FieldTypes::floatfixed; VARIABLE_TYPE = float; EmbeddedProto::WireFormatter::WireType WIRETYPE = EmbeddedProto::WireFormatter::WireType::FIXED32]	16	static
../Middlewares/Third_Party/EmbeddedProto/src/Fields.h:380:13:EmbeddedProto::Error EmbeddedProto::FieldTemplate<FIELDTYPE, VARIABLE_TYPE, WIRETYPE>::serialize_(EmbeddedProto::WriteBufferInterface&) const [with EmbeddedProto::Field::FieldTypes SER_FIELDTYPE = EmbeddedProto::Field::FieldTypes::floatfixed; typename std::enable_if<(EmbeddedProto::Field::FieldTypes::floatfixed == SER_FIELDTYPE), bool>::type <anonymous> = true; EmbeddedProto::Field::FieldTypes FIELDTYPE = EmbeddedProto::Field::FieldTypes::floatfixed; VARIABLE_TYPE = float; EmbeddedProto::WireFormatter::WireType WIRETYPE = EmbeddedProto::WireFormatter::WireType::FIXED32]	16	static
../Middlewares/Third_Party/EmbeddedProto/src/Fields.h:433:13:EmbeddedProto::Error EmbeddedProto::FieldTemplate<FIELDTYPE, VARIABLE_TYPE, WIRETYPE>::deserialize_(EmbeddedProto::ReadBufferInterface&) [with EmbeddedProto::Field::FieldTypes DES_FIELDTYPE = EmbeddedProto::Field::FieldTypes::floatfixed; typename std::enable_if<(EmbeddedProto::Field::FieldTypes::floatfixed == SER_FIELDTYPE), bool>::type <anonymous> = true; EmbeddedProto::Field::FieldTypes FIELDTYPE = EmbeddedProto::Field::FieldTypes::floatfixed; VARIABLE_TYPE = float; EmbeddedProto::WireFormatter::WireType WIRETYPE = EmbeddedProto::WireFormatter::WireType::FIXED32]	16	static
../Middlewares/Third_Party/EmbeddedProto/src/Fields.h:195:28:const VARIABLE_TYPE& EmbeddedProto::FieldTemplate<FIELDTYPE, VARIABLE_TYPE, WIRETYPE>::get() const [with EmbeddedProto::Field::FieldTypes FIELDTYPE = EmbeddedProto::Field::FieldTypes::floatfixed; VARIABLE_TYPE = float; EmbeddedProto::WireFormatter::WireType WIRETYPE = EmbeddedProto::WireFormatter::WireType::FIXED32]	16	static
../Middlewares/Third_Party/EmbeddedProto/src/Fields.h:196:22:VARIABLE_TYPE& EmbeddedProto::FieldTemplate<FIELDTYPE, VARIABLE_TYPE, WIRETYPE>::get() [with EmbeddedProto::Field::FieldTypes FIELDTYPE = EmbeddedProto::Field::FieldTypes::floatfixed; VARIABLE_TYPE = float; EmbeddedProto::WireFormatter::WireType WIRETYPE = EmbeddedProto::WireFormatter::WireType::FIXED32]	16	static
