../Middlewares/Third_Party/EmbeddedProto/src/WireFormatter.h:130:33:static constexpr uint32_t EmbeddedProto::WireFormatter::MakeTag(uint32_t, WireType)	16	static
../Middlewares/Third_Party/EmbeddedProto/src/WireFormatter.h:336:20:static EmbeddedProto::Error EmbeddedProto::WireFormatter::DeserializeTag(EmbeddedProto::ReadBufferInterface&, WireType&, uint32_t&)	32	static
C:/Program Files (x86)/Arm GNU Toolchain arm-none-eabi/14.3 rel1/arm-none-eabi/include/c++/14.3.1/new:179:33:void* operator new(std::size_t, void*)	16	static
../Middlewares/Third_Party/EmbeddedProto/src/Fields.h:76:7:constexpr EmbeddedProto::Field::Field()	16	static
../Middlewares/Third_Party/EmbeddedProto/src/Fields.h:77:15:EmbeddedProto::Field::~Field()	16	static
../Middlewares/Third_Party/EmbeddedProto/src/Fields.h:77:15:virtual EmbeddedProto::Field::~Field()	16	static
../Middlewares/Third_Party/EmbeddedProto/src/MessageInterface.h:48:5:constexpr EmbeddedProto::MessageInterface::MessageInterface()	16	static
../Middlewares/Third_Party/EmbeddedProto/src/MessageInterface.h:50:5:EmbeddedProto::MessageInterface::~MessageInterface()	16	static
../Middlewares/Third_Party/EmbeddedProto/src/MessageInterface.h:50:5:virtual EmbeddedProto::MessageInterface::~MessageInterface()	16	static
../fw/comm-stack/protocol_messages.h:56:25:ClassificationData& ClassificationData::operator=(const ClassificationData&)	16	static
../fw/comm-stack/protocol_messages.h:69:17:void ClassificationData::clear_action()	16	static
../fw/comm-stack/protocol_messages.h:70:17:void ClassificationData::set_action(const Action&)	16	static
../fw/comm-stack/protocol_messages.h:72:26:const ClassificationData::Action& ClassificationData::get_action() const	16	static
../fw/comm-stack/protocol_messages.h:76:28:virtual EmbeddedProto::Error ClassificationData::serialize(EmbeddedProto::WriteBufferInterface&) const	24	static
../fw/comm-stack/protocol_messages.h:88:28:virtual EmbeddedProto::Error ClassificationData::deserialize(EmbeddedProto::ReadBufferInterface&)	40	static
../fw/comm-stack/protocol_messages.h:132:10:virtual void ClassificationData::clear()	16	static
../fw/comm-stack/protocol_messages.h:829:12:Hello& Hello::operator=(const Hello&)	16	static
../fw/comm-stack/protocol_messages.h:846:17:void Hello::clear_device_id()	16	static
../fw/comm-stack/protocol_messages.h:847:17:void Hello::set_device_id(const uint32_t&)	16	static
../fw/comm-stack/protocol_messages.h:848:17:void Hello::set_device_id(const uint32_t&&)	16	static
../fw/comm-stack/protocol_messages.h:850:28:const uint32_t& Hello::get_device_id() const	16	static
../fw/comm-stack/protocol_messages.h:854:17:void Hello::clear_proto_ver()	16	static
../fw/comm-stack/protocol_messages.h:855:17:void Hello::set_proto_ver(const uint32_t&)	16	static
../fw/comm-stack/protocol_messages.h:856:17:void Hello::set_proto_ver(const uint32_t&&)	16	static
../fw/comm-stack/protocol_messages.h:858:28:const uint32_t& Hello::get_proto_ver() const	16	static
../fw/comm-stack/protocol_messages.h:862:17:void Hello::clear_supported_modes()	16	static
../fw/comm-stack/protocol_messages.h:863:17:void Hello::set_supported_modes(const uint32_t&)	16	static
../fw/comm-stack/protocol_messages.h:864:17:void Hello::set_supported_modes(const uint32_t&&)	16	static
../fw/comm-stack/protocol_messages.h:866:28:const uint32_t& Hello::get_supported_modes() const	16	static
../fw/comm-stack/protocol_messages.h:870:28:virtual EmbeddedProto::Error Hello::serialize(EmbeddedProto::WriteBufferInterface&) const	24	static
../fw/comm-stack/protocol_messages.h:892:28:virtual EmbeddedProto::Error Hello::deserialize(EmbeddedProto::ReadBufferInterface&)	40	static
../fw/comm-stack/protocol_messages.h:944:10:virtual void Hello::clear()	16	static
../fw/comm-stack/protocol_messages.h:1321:11:Data& Data::operator=(const Data&)	16	static
../fw/comm-stack/protocol_messages.h:1363:17:Data::FieldNumber Data::get_which_message() const	16	static
../fw/comm-stack/protocol_messages.h:1366:17:bool Data::has_instruction() const	16	static
../fw/comm-stack/protocol_messages.h:39:5:ClassificationData::~ClassificationData()	16	static
../fw/comm-stack/protocol_messages.h:39:5:virtual ClassificationData::~ClassificationData()	16	static
../fw/comm-stack/protocol_messages.h:1378:17:void Data::set_instruction(const ClassificationData&)	16	static
../fw/comm-stack/protocol_messages.h:1402:38:const ClassificationData& Data::get_instruction() const	16	static
../fw/comm-stack/protocol_messages.h:1406:28:virtual EmbeddedProto::Error Data::serialize(EmbeddedProto::WriteBufferInterface&) const	24	static
../fw/comm-stack/protocol_messages.h:1426:28:virtual EmbeddedProto::Error Data::deserialize(EmbeddedProto::ReadBufferInterface&)	40	static
../fw/comm-stack/protocol_messages.h:1470:10:virtual void Data::clear()	16	static
../fw/comm-stack/protocol_messages.h:1577:9:Data::message::message()	16	static
../fw/comm-stack/protocol_messages.h:1578:9:Data::message::~message()	16	static
../fw/comm-stack/protocol_messages.h:28:5:constexpr ClassificationData::ClassificationData()	24	static
../fw/comm-stack/protocol_messages.h:1583:12:void Data::init_message(FieldNumber)	16	static
../fw/comm-stack/protocol_messages.h:1605:12:void Data::clear_message()	16	static
../fw/comm-stack/protocol_messages.h:1618:30:EmbeddedProto::Error Data::deserialize_message(FieldNumber, EmbeddedProto::ReadBufferInterface&, EmbeddedProto::WireFormatter::WireType)	32	static
../fw/comm-stack/protocol_messages.h:2497:17:bool DeviceMessage::has_hello() const	16	static
../fw/comm-stack/protocol_messages.h:819:5:Hello::~Hello()	16	static
../fw/comm-stack/protocol_messages.h:819:5:virtual Hello::~Hello()	16	static
../fw/comm-stack/protocol_messages.h:2509:17:void DeviceMessage::set_hello(const Hello&)	16	static
../fw/comm-stack/protocol_messages.h:2537:17:bool DeviceMessage::has_data() const	16	static
../fw/comm-stack/protocol_messages.h:1313:5:Data::~Data()	16	static
../fw/comm-stack/protocol_messages.h:1313:5:virtual Data::~Data()	16	static
../fw/comm-stack/protocol_messages.h:2549:17:void DeviceMessage::set_data(const Data&)	16	static
../fw/comm-stack/protocol_messages.h:2577:28:virtual EmbeddedProto::Error DeviceMessage::serialize(EmbeddedProto::WriteBufferInterface&) const	24	static
../fw/comm-stack/protocol_messages.h:2604:28:virtual EmbeddedProto::Error DeviceMessage::deserialize(EmbeddedProto::ReadBufferInterface&)	40	static
../fw/comm-stack/protocol_messages.h:2649:10:virtual void DeviceMessage::clear()	16	static
../fw/comm-stack/protocol_messages.h:2759:9:DeviceMessage::message::message()	16	static
../fw/comm-stack/protocol_messages.h:2760:9:DeviceMessage::message::~message()	16	static
../fw/comm-stack/protocol_messages.h:804:5:constexpr Hello::Hello()	32	static
../fw/comm-stack/protocol_messages.h:1272:5:Data::Data()	16	static
../fw/comm-stack/protocol_messages.h:2766:12:void DeviceMessage::init_message(FieldNumber)	16	static
../fw/comm-stack/protocol_messages.h:2792:12:void DeviceMessage::clear_message()	16	static
../fw/comm-stack/protocol_messages.h:2808:30:EmbeddedProto::Error DeviceMessage::deserialize_message(FieldNumber, EmbeddedProto::ReadBufferInterface&, EmbeddedProto::WireFormatter::WireType)	32	static
../fw/comm-stack/tx.cpp:20:6:void SendStartByte()	16	static
../fw/comm-stack/protocol_messages.h:2386:5:DeviceMessage::DeviceMessage()	16	static
../fw/comm-stack/protocol_messages.h:2435:5:DeviceMessage::~DeviceMessage()	16	static
../fw/comm-stack/protocol_messages.h:2435:5:virtual DeviceMessage::~DeviceMessage()	16	static
../Middlewares/Third_Party/EmbeddedProto/src/WriteBufferInterface.h:51:15:EmbeddedProto::WriteBufferInterface::~WriteBufferInterface()	16	static
../Middlewares/Third_Party/EmbeddedProto/src/WriteBufferInterface.h:51:15:virtual EmbeddedProto::WriteBufferInterface::~WriteBufferInterface()	16	static
../Middlewares/Third_Party/EmbeddedProto/src/WriteBufferFixedSize.h:46:7:EmbeddedProto::WriteBufferFixedSize<BUFFER_SIZE>::~WriteBufferFixedSize() [with long unsigned int BUFFER_SIZE = 128]	16	static
../Middlewares/Third_Party/EmbeddedProto/src/WriteBufferFixedSize.h:46:7:EmbeddedProto::WriteBufferFixedSize<BUFFER_SIZE>::~WriteBufferFixedSize() [with long unsigned int BUFFER_SIZE = 128]	16	static
../fw/comm-stack/tx.cpp:28:6:void SendHelloMessage()	216	static
../fw/comm-stack/tx.cpp:65:6:void SendClassificationData(uint8_t)	224	static
../Middlewares/Third_Party/EmbeddedProto/src/WireFormatter.h:523:20:static EmbeddedProto::Error EmbeddedProto::WireFormatter::SerializeVarint(UINT_TYPE, EmbeddedProto::WriteBufferInterface&) [with UINT_TYPE = long unsigned int]	24	static
../Middlewares/Third_Party/EmbeddedProto/src/WireFormatter.h:548:20:static EmbeddedProto::Error EmbeddedProto::WireFormatter::DeserializeVarint(EmbeddedProto::ReadBufferInterface&, UINT_TYPE&) [with UINT_TYPE = long unsigned int]	48	static
../Middlewares/Third_Party/EmbeddedProto/src/Fields.h:131:7:EmbeddedProto::FieldTemplate<FIELDTYPE, VARIABLE_TYPE, WIRETYPE>::FieldTemplate(const VARIABLE_TYPE&&) [with EmbeddedProto::Field::FieldTypes FIELDTYPE = EmbeddedProto::Field::FieldTypes::enumeration; VARIABLE_TYPE = ClassificationData::Action; EmbeddedProto::WireFormatter::WireType WIRETYPE = EmbeddedProto::WireFormatter::WireType::VARINT]	16	static
../Middlewares/Third_Party/EmbeddedProto/src/Fields.h:225:12:void EmbeddedProto::FieldTemplate<FIELDTYPE, VARIABLE_TYPE, WIRETYPE>::clear() [with EmbeddedProto::Field::FieldTypes FIELDTYPE = EmbeddedProto::Field::FieldTypes::enumeration; VARIABLE_TYPE = ClassificationData::Action; EmbeddedProto::WireFormatter::WireType WIRETYPE = EmbeddedProto::WireFormatter::WireType::VARINT]	16	static
../Middlewares/Third_Party/EmbeddedProto/src/Fields.h:174:19:EmbeddedProto::FieldTemplate<FIELDTYPE, VARIABLE_TYPE, WIRETYPE>::CLASS_TYPE& EmbeddedProto::FieldTemplate<FIELDTYPE, VARIABLE_TYPE, WIRETYPE>::operator=(const VARIABLE_TYPE&) [with EmbeddedProto::Field::FieldTypes FIELDTYPE = EmbeddedProto::Field::FieldTypes::enumeration; VARIABLE_TYPE = ClassificationData::Action; EmbeddedProto::WireFormatter::WireType WIRETYPE = EmbeddedProto::WireFormatter::WireType::VARINT]	16	static
../Middlewares/Third_Party/EmbeddedProto/src/Fields.h:195:28:const VARIABLE_TYPE& EmbeddedProto::FieldTemplate<FIELDTYPE, VARIABLE_TYPE, WIRETYPE>::get() const [with EmbeddedProto::Field::FieldTypes FIELDTYPE = EmbeddedProto::Field::FieldTypes::enumeration; VARIABLE_TYPE = ClassificationData::Action; EmbeddedProto::WireFormatter::WireType WIRETYPE = EmbeddedProto::WireFormatter::WireType::VARINT]	16	static
../Middlewares/Third_Party/EmbeddedProto/src/Fields.h:136:13:EmbeddedProto::Error EmbeddedProto::FieldTemplate<FIELDTYPE, VARIABLE_TYPE, WIRETYPE>::serialize_with_id(uint32_t, EmbeddedProto::WriteBufferInterface&, bool) const [with EmbeddedProto::Field::FieldTypes FIELDTYPE = EmbeddedProto::Field::FieldTypes::enumeration; VARIABLE_TYPE = ClassificationData::Action; EmbeddedProto::WireFormatter::WireType WIRETYPE = EmbeddedProto::WireFormatter::WireType::VARINT]	32	static
../Middlewares/Third_Party/EmbeddedProto/src/Fields.h:157:13:EmbeddedProto::Error EmbeddedProto::FieldTemplate<FIELDTYPE, VARIABLE_TYPE, WIRETYPE>::deserialize_check_type(EmbeddedProto::ReadBufferInterface&, const EmbeddedProto::WireFormatter::WireType&) [with EmbeddedProto::Field::FieldTypes FIELDTYPE = EmbeddedProto::Field::FieldTypes::enumeration; VARIABLE_TYPE = ClassificationData::Action; EmbeddedProto::WireFormatter::WireType WIRETYPE = EmbeddedProto::WireFormatter::WireType::VARINT]	32	static
../Middlewares/Third_Party/EmbeddedProto/src/Fields.h:131:7:EmbeddedProto::FieldTemplate<FIELDTYPE, VARIABLE_TYPE, WIRETYPE>::FieldTemplate(const VARIABLE_TYPE&&) [with EmbeddedProto::Field::FieldTypes FIELDTYPE = EmbeddedProto::Field::FieldTypes::uint32; VARIABLE_TYPE = long unsigned int; EmbeddedProto::WireFormatter::WireType WIRETYPE = EmbeddedProto::WireFormatter::WireType::VARINT]	16	static
../Middlewares/Third_Party/EmbeddedProto/src/Fields.h:225:12:void EmbeddedProto::FieldTemplate<FIELDTYPE, VARIABLE_TYPE, WIRETYPE>::clear() [with EmbeddedProto::Field::FieldTypes FIELDTYPE = EmbeddedProto::Field::FieldTypes::uint32; VARIABLE_TYPE = long unsigned int; EmbeddedProto::WireFormatter::WireType WIRETYPE = EmbeddedProto::WireFormatter::WireType::VARINT]	16	static
../Middlewares/Third_Party/EmbeddedProto/src/Fields.h:174:19:EmbeddedProto::FieldTemplate<FIELDTYPE, VARIABLE_TYPE, WIRETYPE>::CLASS_TYPE& EmbeddedProto::FieldTemplate<FIELDTYPE, VARIABLE_TYPE, WIRETYPE>::operator=(const VARIABLE_TYPE&) [with EmbeddedProto::Field::FieldTypes FIELDTYPE = EmbeddedProto::Field::FieldTypes::uint32; VARIABLE_TYPE = long unsigned int; EmbeddedProto::WireFormatter::WireType WIRETYPE = EmbeddedProto::WireFormatter::WireType::VARINT]	16	static
../Middlewares/Third_Party/EmbeddedProto/src/Fields.h:196:22:VARIABLE_TYPE& EmbeddedProto::FieldTemplate<FIELDTYPE, VARIABLE_TYPE, WIRETYPE>::get() [with EmbeddedProto::Field::FieldTypes FIELDTYPE = EmbeddedProto::Field::FieldTypes::uint32; VARIABLE_TYPE = long unsigned int; EmbeddedProto::WireFormatter::WireType WIRETYPE = EmbeddedProto::WireFormatter::WireType::VARINT]	16	static
../Middlewares/Third_Party/EmbeddedProto/src/Fields.h:195:28:const VARIABLE_TYPE& EmbeddedProto::FieldTemplate<FIELDTYPE, VARIABLE_TYPE, WIRETYPE>::get() const [with EmbeddedProto::Field::FieldTypes FIELDTYPE = EmbeddedProto::Field::FieldTypes::uint32; VARIABLE_TYPE = long unsigned int; EmbeddedProto::WireFormatter::WireType WIRETYPE = EmbeddedProto::WireFormatter::WireType::VARINT]	16	static
../Middlewares/Third_Party/EmbeddedProto/src/Fields.h:136:13:EmbeddedProto::Error EmbeddedProto::FieldTemplate<FIELDTYPE, VARIABLE_TYPE, WIRETYPE>::serialize_with_id(uint32_t, EmbeddedProto::WriteBufferInterface&, bool) const [with EmbeddedProto::Field::FieldTypes FIELDTYPE = EmbeddedProto::Field::FieldTypes::uint32; VARIABLE_TYPE = long unsigned int; EmbeddedProto::WireFormatter::WireType WIRETYPE = EmbeddedProto::WireFormatter::WireType::VARINT]	32	static
../Middlewares/Third_Party/EmbeddedProto/src/Fields.h:157:13:EmbeddedProto::Error EmbeddedProto::FieldTemplate<FIELDTYPE, VARIABLE_TYPE, WIRETYPE>::deserialize_check_type(EmbeddedProto::ReadBufferInterface&, const EmbeddedProto::WireFormatter::WireType&) [with EmbeddedProto::Field::FieldTypes FIELDTYPE = EmbeddedProto::Field::FieldTypes::uint32; VARIABLE_TYPE = long unsigned int; EmbeddedProto::WireFormatter::WireType WIRETYPE = EmbeddedProto::WireFormatter::WireType::VARINT]	32	static
../Middlewares/Third_Party/EmbeddedProto/src/Defines.h:56:18:constexpr void EmbeddedProto::destroy_at(T*) [with T = ClassificationData]	16	static
../Middlewares/Third_Party/EmbeddedProto/src/Defines.h:56:18:constexpr void EmbeddedProto::destroy_at(T*) [with T = Hello]	16	static
../Middlewares/Third_Party/EmbeddedProto/src/Defines.h:56:18:constexpr void EmbeddedProto::destroy_at(T*) [with T = Data]	16	static
../Middlewares/Third_Party/EmbeddedProto/src/WriteBufferFixedSize.h:56:16:uint32_t EmbeddedProto::WriteBufferFixedSize<BUFFER_SIZE>::get_size() const [with long unsigned int BUFFER_SIZE = 128]	16	static
../Middlewares/Third_Party/EmbeddedProto/src/WriteBufferFixedSize.h:99:16:uint8_t* EmbeddedProto::WriteBufferFixedSize<BUFFER_SIZE>::get_data() [with long unsigned int BUFFER_SIZE = 128]	24	static
../Middlewares/Third_Party/EmbeddedProto/src/Fields.h:146:13:EmbeddedProto::Error EmbeddedProto::FieldTemplate<FIELDTYPE, VARIABLE_TYPE, WIRETYPE>::serialize(EmbeddedProto::WriteBufferInterface&) const [with EmbeddedProto::Field::FieldTypes FIELDTYPE = EmbeddedProto::Field::FieldTypes::enumeration; VARIABLE_TYPE = ClassificationData::Action; EmbeddedProto::WireFormatter::WireType WIRETYPE = EmbeddedProto::WireFormatter::WireType::VARINT]	16	static
../Middlewares/Third_Party/EmbeddedProto/src/Fields.h:151:13:EmbeddedProto::Error EmbeddedProto::FieldTemplate<FIELDTYPE, VARIABLE_TYPE, WIRETYPE>::deserialize(EmbeddedProto::ReadBufferInterface&) [with EmbeddedProto::Field::FieldTypes FIELDTYPE = EmbeddedProto::Field::FieldTypes::enumeration; VARIABLE_TYPE = ClassificationData::Action; EmbeddedProto::WireFormatter::WireType WIRETYPE = EmbeddedProto::WireFormatter::WireType::VARINT]	16	static
../Middlewares/Third_Party/EmbeddedProto/src/Fields.h:146:13:EmbeddedProto::Error EmbeddedProto::FieldTemplate<FIELDTYPE, VARIABLE_TYPE, WIRETYPE>::serialize(EmbeddedProto::WriteBufferInterface&) const [with EmbeddedProto::Field::FieldTypes FIELDTYPE = EmbeddedProto::Field::FieldTypes::uint32; VARIABLE_TYPE = long unsigned int; EmbeddedProto::WireFormatter::WireType WIRETYPE = EmbeddedProto::WireFormatter::WireType::VARINT]	16	static
../Middlewares/Third_Party/EmbeddedProto/src/Fields.h:151:13:EmbeddedProto::Error EmbeddedProto::FieldTemplate<FIELDTYPE, VARIABLE_TYPE, WIRETYPE>::deserialize(EmbeddedProto::ReadBufferInterface&) [with EmbeddedProto::Field::FieldTypes FIELDTYPE = EmbeddedProto::Field::FieldTypes::uint32; VARIABLE_TYPE = long unsigned int; EmbeddedProto::WireFormatter::WireType WIRETYPE = EmbeddedProto::WireFormatter::WireType::VARINT]	16	static
../Middlewares/Third_Party/EmbeddedProto/src/Fields.h:365:13:EmbeddedProto::Error EmbeddedProto::FieldTemplate<FIELDTYPE, VARIABLE_TYPE, WIRETYPE>::serialize_(EmbeddedProto::WriteBufferInterface&) const [with EmbeddedProto::Field::FieldTypes SER_FIELDTYPE = EmbeddedProto::Field::FieldTypes::enumeration; typename std::enable_if<(EmbeddedProto::Field::FieldTypes::enumeration == SER_FIELDTYPE), bool>::type <anonymous> = true; EmbeddedProto::Field::FieldTypes FIELDTYPE = EmbeddedProto::Field::FieldTypes::enumeration; VARIABLE_TYPE = ClassificationData::Action; EmbeddedProto::WireFormatter::WireType WIRETYPE = EmbeddedProto::WireFormatter::WireType::VARINT]	16	static
../Middlewares/Third_Party/EmbeddedProto/src/Fields.h:409:13:EmbeddedProto::Error EmbeddedProto::FieldTemplate<FIELDTYPE, VARIABLE_TYPE, WIRETYPE>::deserialize_(EmbeddedProto::ReadBufferInterface&) [with EmbeddedProto::Field::FieldTypes DES_FIELDTYPE = EmbeddedProto::Field::FieldTypes::enumeration; typename std::enable_if<(EmbeddedProto::Field::FieldTypes::enumeration == SER_FIELDTYPE), bool>::type <anonymous> = true; EmbeddedProto::Field::FieldTypes FIELDTYPE = EmbeddedProto::Field::FieldTypes::enumeration; VARIABLE_TYPE = ClassificationData::Action; EmbeddedProto::WireFormatter::WireType WIRETYPE = EmbeddedProto::WireFormatter::WireType::VARINT]	24	static
../Middlewares/Third_Party/EmbeddedProto/src/Fields.h:346:13:EmbeddedProto::Error EmbeddedProto::FieldTemplate<FIELDTYPE, VARIABLE_TYPE, WIRETYPE>::serialize_(EmbeddedProto::WriteBufferInterface&) const [with EmbeddedProto::Field::FieldTypes SER_FIELDTYPE = EmbeddedProto::Field::FieldTypes::uint32; typename std::enable_if<(EmbeddedProto::Field::FieldTypes::uint32 == SER_FIELDTYPE), bool>::type <anonymous> = true; EmbeddedProto::Field::FieldTypes FIELDTYPE = EmbeddedProto::Field::FieldTypes::uint32; VARIABLE_TYPE = long unsigned int; EmbeddedProto::WireFormatter::WireType WIRETYPE = EmbeddedProto::WireFormatter::WireType::VARINT]	16	static
../Middlewares/Third_Party/EmbeddedProto/src/Fields.h:394:13:EmbeddedProto::Error EmbeddedProto::FieldTemplate<FIELDTYPE, VARIABLE_TYPE, WIRETYPE>::deserialize_(EmbeddedProto::ReadBufferInterface&) [with EmbeddedProto::Field::FieldTypes DES_FIELDTYPE = EmbeddedProto::Field::FieldTypes::uint32; typename std::enable_if<(EmbeddedProto::Field::FieldTypes::uint32 == SER_FIELDTYPE), bool>::type <anonymous> = true; EmbeddedProto::Field::FieldTypes FIELDTYPE = EmbeddedProto::Field::FieldTypes::uint32; VARIABLE_TYPE = long unsigned int; EmbeddedProto::WireFormatter::WireType WIRETYPE = EmbeddedProto::WireFormatter::WireType::VARINT]	16	static
../Middlewares/Third_Party/EmbeddedProto/src/WireFormatter.h:360:20:static EmbeddedProto::Error EmbeddedProto::WireFormatter::DeserializeUInt(EmbeddedProto::ReadBufferInterface&, UINT_TYPE&) [with UINT_TYPE = long unsigned int]	16	static
../Middlewares/Third_Party/EmbeddedProto/src/WriteBufferFixedSize.h:49:12:void EmbeddedProto::WriteBufferFixedSize<BUFFER_SIZE>::clear() [with long unsigned int BUFFER_SIZE = 128]	16	static
../Middlewares/Third_Party/EmbeddedProto/src/WriteBufferFixedSize.h:63:16:uint32_t EmbeddedProto::WriteBufferFixedSize<BUFFER_SIZE>::get_max_size() const [with long unsigned int BUFFER_SIZE = 128]	16	static
../Middlewares/Third_Party/EmbeddedProto/src/WriteBufferFixedSize.h:69:16:uint32_t EmbeddedProto::WriteBufferFixedSize<BUFFER_SIZE>::get_available_size() const [with long unsigned int BUFFER_SIZE = 128]	16	static
../Middlewares/Third_Party/EmbeddedProto/src/WriteBufferFixedSize.h:75:12:bool EmbeddedProto::WriteBufferFixedSize<BUFFER_SIZE>::push(uint8_t) [with long unsigned int BUFFER_SIZE = 128]	24	static
../Middlewares/Third_Party/EmbeddedProto/src/WriteBufferFixedSize.h:87:12:bool EmbeddedProto::WriteBufferFixedSize<BUFFER_SIZE>::push(const uint8_t*, uint32_t) [with long unsigned int BUFFER_SIZE = 128]	32	static
C:/Program Files (x86)/Arm GNU Toolchain arm-none-eabi/14.3 rel1/arm-none-eabi/include/c++/14.3.1/array:206:7:std::array<_Tp, _Nm>::value_type& std::array<_Tp, _Nm>::operator[](size_type) [with _Tp = unsigned char; unsigned int _Nm = 128]	16	static
